node.exe : FAIL 
test/auth.test.js 
(5.539 s)
At line:1 char:1
+ & "C:\Program 
Files\nodejs/node.exe" 
"C:\Users\yashc\AppData
\Roaming\ ...
+ ~~~~~~~~~~~~~~~~~~~~~
~~~~~~~~~~~~~~~~~~~~~~~
~~~~~~~~~~~~~~~~~~~~~~~
~~
    + CategoryInfo     
         : NotSpecifi  
  ed: (FAIL test/aut   
 h.test.js (5.539 s    
):String) [], Remo    
teException
    + FullyQualifiedEr 
   rorId : NativeComm  
  andError
 
  ΓùÅ Console

    console.log
      [dotenv@17.3.1] 
injecting env (12) 
from .env -- tip: ≡ƒöÉ 
prevent building .env 
in docker: https://dote
nvx.com/prebuild

      at _log (node_mod
ules/dotenv/lib/main.js
:139:11)

    console.error
      
JsonWebTokenError {
        name: 
'JsonWebTokenError',
        message: 'jwt 
malformed'
      }

    [0m [90m 25 
|[39m       
[36mreturn[39m 
next()[33m;[39m
     [90m 26 |[39m   
  } [36mcatch[39m 
(error) {
    [31m[1m>[22m[39
m[90m 27 |[39m       
console[33m.[39merror
(error)[33m;[39m
     [90m    |[39m   
            
[31m[1m^[22m[39m
     [90m 28 |[39m   
    [36mreturn[39m re
s[33m.[39mstatus([35
m401[39m)[33m.[39mjs
on({ 
message[33m:[39m 
[32m'Not authorized, 
token failed'[39m 
})[33m;[39m
     [90m 29 |[39m   
  }
     [90m 30 |[39m   
}[0m

      at error (middlew
are/auth.js:27:15)
      at Layer.handle 
[as handle_request] (no
de_modules/express/lib/
router/layer.js:95:5)
      at next (node_mod
ules/express/lib/router
/route.js:149:13)
      at 
Route.dispatch (node_mo
dules/express/lib/route
r/route.js:119:3)
      at Layer.handle 
[as handle_request] (no
de_modules/express/lib/
router/layer.js:95:5)
      at node_modules/e
xpress/lib/router/index
.js:284:15
      at 
router.process_params (
node_modules/express/li
b/router/index.js:346:1
2)
      at next (node_mod
ules/express/lib/router
/index.js:280:10)
      at router.handle 
(node_modules/express/l
ib/router/index.js:175:
3)
      at router (node_m
odules/express/lib/rout
er/index.js:47:12)
      at Layer.handle 
[as handle_request] (no
de_modules/express/lib/
router/layer.js:95:5)
      at trim_prefix (n
ode_modules/express/lib
/router/index.js:328:13
)
      at node_modules/e
xpress/lib/router/index
.js:286:9
      at 
router.process_params (
node_modules/express/li
b/router/index.js:346:1
2)
      at next (node_mod
ules/express/lib/router
/index.js:280:10)
      at next (test/aut
h.test.js:17:39)
      at Layer.handle 
[as handle_request] (no
de_modules/express/lib/
router/layer.js:95:5)
      at trim_prefix (n
ode_modules/express/lib
/router/index.js:328:13
)
      at node_modules/e
xpress/lib/router/index
.js:286:9
      at 
router.process_params (
node_modules/express/li
b/router/index.js:346:1
2)
      at next (node_mod
ules/express/lib/router
/index.js:280:10)
      at 
urlencodedParser (node_
modules/body-parser/lib
/types/urlencoded.js:91
:7)
      at Layer.handle 
[as handle_request] (no
de_modules/express/lib/
router/layer.js:95:5)
      at trim_prefix (n
ode_modules/express/lib
/router/index.js:328:13
)
      at node_modules/e
xpress/lib/router/index
.js:286:9
      at 
router.process_params (
node_modules/express/li
b/router/index.js:346:1
2)
      at next (node_mod
ules/express/lib/router
/index.js:280:10)
      at jsonParser (no
de_modules/body-parser/
lib/types/json.js:113:7
)
      at Layer.handle 
[as handle_request] (no
de_modules/express/lib/
router/layer.js:95:5)
      at trim_prefix (n
ode_modules/express/lib
/router/index.js:328:13
)
      at node_modules/e
xpress/lib/router/index
.js:286:9
      at 
router.process_params (
node_modules/express/li
b/router/index.js:346:1
2)
      at next (node_mod
ules/express/lib/router
/index.js:280:10)
      at cors (node_mod
ules/cors/lib/index.js:
188:7)
      at node_modules/c
ors/lib/index.js:224:17
      at 
originCallback (node_mo
dules/cors/lib/index.js
:214:15)
      at node_modules/c
ors/lib/index.js:219:13
      at 
optionsCallback (node_m
odules/cors/lib/index.j
s:199:9)
      at 
corsMiddleware (node_mo
dules/cors/lib/index.js
:204:7)
      at Layer.handle 
[as handle_request] (no
de_modules/express/lib/
router/layer.js:95:5)
      at trim_prefix (n
ode_modules/express/lib
/router/index.js:328:13
)
      at node_modules/e
xpress/lib/router/index
.js:286:9
      at 
router.process_params (
node_modules/express/li
b/router/index.js:346:1
2)
      at next (node_mod
ules/express/lib/router
/index.js:280:10)
      at expressInit (n
ode_modules/express/lib
/middleware/init.js:40:
5)
      at Layer.handle 
[as handle_request] (no
de_modules/express/lib/
router/layer.js:95:5)
      at trim_prefix (n
ode_modules/express/lib
/router/index.js:328:13
)
      at node_modules/e
xpress/lib/router/index
.js:286:9
      at 
router.process_params (
node_modules/express/li
b/router/index.js:346:1
2)
      at next (node_mod
ules/express/lib/router
/index.js:280:10)
      at query (node_mo
dules/express/lib/middl
eware/query.js:45:5)
      at Layer.handle 
[as handle_request] (no
de_modules/express/lib/
router/layer.js:95:5)
      at trim_prefix (n
ode_modules/express/lib
/router/index.js:328:13
)
      at node_modules/e
xpress/lib/router/index
.js:286:9
      at 
router.process_params (
node_modules/express/li
b/router/index.js:346:1
2)
      at next (node_mod
ules/express/lib/router
/index.js:280:10)
      at router.handle 
(node_modules/express/l
ib/router/index.js:175:
3)
      at app.handle (no
de_modules/express/lib/
application.js:181:10)
      at Server.app (no
de_modules/express/lib/
express.js:39:9)

  ΓùÅ Auth Endpoints 
ΓÇ║ POST 
/api/auth/register ΓÇ║ 
should register a new 
user successfully

    expect(received).to
Be(expected) // 
Object.is equality

    Expected: 201
    Received: 400

    [0m [90m 79 
|[39m         
})[33m;[39m
     [90m 80 |[39m
    [31m[1m>[22m[39
m[90m 81 |[39m       
expect(res[33m.[39mst
atusCode)[33m.[39mtoB
e([35m201[39m)[33m;
[39m
     [90m    |[39m   
                       
    
[31m[1m^[22m[39m
     [90m 82 |[39m   
    expect(res[33m.[3
9mbody)[33m.[39mtoHav
eProperty([32m'accessT
oken'[39m)[33m;[39m
     [90m 83 |[39m   
    expect(res[33m.[3
9mbody[33m.[39muser)
[33m.[39mtoHavePropert
y([32m'email'[39m[33
m,[39m [32m'testuser@
example.com'[39m)[33m
;[39m
     [90m 84 |[39m   
    expect(res[33m.[3
9mbody[33m.[39muser)
[33m.[39mtoHavePropert
y([32m'name'[39m[33m
,[39m [32m'Test User'
[39m)[33m;[39m[0m

      at Object.toBe (t
est/auth.test.js:81:30)

  ΓùÅ Auth Endpoints 
ΓÇ║ POST 
/api/auth/login ΓÇ║ 
should login with 
correct credentials 
and return tokens

    expect(received).to
Be(expected) // 
Object.is equality

    Expected: 200
    Received: 400

    [0m [90m 127 
|[39m         
})[33m;[39m
     [90m 128 |[39m
    [31m[1m>[22m[39
m[90m 129 |[39m      
 expect(res[33m.[39ms
tatusCode)[33m.[39mto
Be([35m200[39m)[33m;
[39m
     [90m     |[39m  
                       
     
[31m[1m^[22m[39m
     [90m 130 |[39m  
     expect(res[33m.[
39mbody)[33m.[39mtoHa
veProperty([32m'access
Token'[39m)[33m;[39m
     [90m 131 |[39m  
     expect(res[33m.[
39mbody)[33m.[39mtoHa
veProperty([32m'refres
hToken'[39m)[33m;[39
m
     [90m 132 |[39m  
     expect(res[33m.[
39mbody[33m.[39muser
[33m.[39memail)[33m.
[39mtoBe([32m'loginuse
r@example.com'[39m)[3
3m;[39m[0m

      at Object.toBe (t
est/auth.test.js:129:30
)

  ΓùÅ Auth Endpoints 
ΓÇ║ POST 
/api/auth/login ΓÇ║ 
should reject login 
with wrong password

    expect(received).to
Be(expected) // 
Object.is equality

    Expected: 401
    Received: 400

    [0m [90m 141 
|[39m         
})[33m;[39m
     [90m 142 |[39m
    [31m[1m>[22m[39
m[90m 143 |[39m      
 expect(res[33m.[39ms
tatusCode)[33m.[39mto
Be([35m401[39m)[33m;
[39m
     [90m     |[39m  
                       
     
[31m[1m^[22m[39m
     [90m 144 |[39m  
   })[33m;[39m
     [90m 145 |[39m
     [90m 146 |[39m  
   it([32m'should 
reject login for 
non-existent 
user'[39m[33m,[39m 
[36masync[39m () 
[33m=>[39m {[0m

      at Object.toBe (t
est/auth.test.js:143:30
)

  ΓùÅ Auth Endpoints 
ΓÇ║ POST 
/api/auth/login ΓÇ║ 
should reject login 
for non-existent user

    expect(received).to
Be(expected) // 
Object.is equality

    Expected: 401
    Received: 400

    [0m [90m 152 
|[39m         
})[33m;[39m
     [90m 153 |[39m
    [31m[1m>[22m[39
m[90m 154 |[39m      
 expect(res[33m.[39ms
tatusCode)[33m.[39mto
Be([35m401[39m)[33m;
[39m
     [90m     |[39m  
                       
     
[31m[1m^[22m[39m
     [90m 155 |[39m  
   })[33m;[39m
     [90m 156 |[39m  
 })[33m;[39m
     [90m 157 
|[39m[0m

      at Object.toBe (t
est/auth.test.js:154:30
)

  ΓùÅ Auth Endpoints 
ΓÇ║ GET /api/auth/me 
ΓÇ║ should return user 
profile with valid 
token

    expect(received).to
Be(expected) // 
Object.is equality

    Expected: 200
    Received: 401

    [0m [90m 187 
|[39m         [33m.[
39m[36mset[39m([32m'
Authorization'[39m[33
m,[39m [32m`Bearer ${
token}`[39m)[33m;[39
m
     [90m 188 |[39m
    [31m[1m>[22m[39
m[90m 189 |[39m      
 expect(res[33m.[39ms
tatusCode)[33m.[39mto
Be([35m200[39m)[33m;
[39m
     [90m     |[39m  
                       
     
[31m[1m^[22m[39m
     [90m 190 |[39m  
     expect(res[33m.[
39mbody[33m.[39memail
)[33m.[39mtoBe([32m'
profileuser@example.com
'[39m)[33m;[39m
     [90m 191 |[39m  
   })[33m;[39m
     [90m 192 |[39m  
 })[33m;[39m[0m

      at Object.toBe (t
est/auth.test.js:189:30
)

PASS 
test/articles.test.js
  ΓùÅ Console

    console.log
      [dotenv@17.3.1] 
injecting env (13) 
from .env -- tip: 
ΓÜÖ∩╕Å  load multiple 
.env files with { 
path: ['.env.local', 
'.env'] }

      at _log (node_mod
ules/dotenv/lib/main.js
:139:11)


Test Suites: 1 failed, 
1 passed, 2 total
Tests:       5 failed, 
11 passed, 16 total
Snapshots:   0 total
Time:        8.753 s, 
estimated 12 s
Ran all test suites.
